Archive member included to satisfy reference by file (symbol)

c:/program files (x86)/atmel/studio/7.0/toolchain/avr8/avr8-gnu-toolchain/bin/../lib/gcc/avr/5.4.0/../../../../avr/lib/avr5\libm.a(addsf3.o)
                              Sketch.o (__subsf3)
c:/program files (x86)/atmel/studio/7.0/toolchain/avr8/avr8-gnu-toolchain/bin/../lib/gcc/avr/5.4.0/../../../../avr/lib/avr5\libm.a(addsf3x.o)
                              c:/program files (x86)/atmel/studio/7.0/toolchain/avr8/avr8-gnu-toolchain/bin/../lib/gcc/avr/5.4.0/../../../../avr/lib/avr5\libm.a(addsf3.o) (__addsf3x)
c:/program files (x86)/atmel/studio/7.0/toolchain/avr8/avr8-gnu-toolchain/bin/../lib/gcc/avr/5.4.0/../../../../avr/lib/avr5\libm.a(cmpsf2.o)
                              Sketch.o (__ltsf2)
c:/program files (x86)/atmel/studio/7.0/toolchain/avr8/avr8-gnu-toolchain/bin/../lib/gcc/avr/5.4.0/../../../../avr/lib/avr5\libm.a(divsf3.o)
                              Sketch.o (__divsf3)
c:/program files (x86)/atmel/studio/7.0/toolchain/avr8/avr8-gnu-toolchain/bin/../lib/gcc/avr/5.4.0/../../../../avr/lib/avr5\libm.a(divsf3x.o)
                              c:/program files (x86)/atmel/studio/7.0/toolchain/avr8/avr8-gnu-toolchain/bin/../lib/gcc/avr/5.4.0/../../../../avr/lib/avr5\libm.a(divsf3.o) (__divsf3x)
c:/program files (x86)/atmel/studio/7.0/toolchain/avr8/avr8-gnu-toolchain/bin/../lib/gcc/avr/5.4.0/../../../../avr/lib/avr5\libm.a(fixsfsi.o)
                              Sketch.o (__fixsfsi)
c:/program files (x86)/atmel/studio/7.0/toolchain/avr8/avr8-gnu-toolchain/bin/../lib/gcc/avr/5.4.0/../../../../avr/lib/avr5\libm.a(fixunssfsi.o)
                              c:/program files (x86)/atmel/studio/7.0/toolchain/avr8/avr8-gnu-toolchain/bin/../lib/gcc/avr/5.4.0/../../../../avr/lib/avr5\libm.a(fixsfsi.o) (__fixunssfsi)
c:/program files (x86)/atmel/studio/7.0/toolchain/avr8/avr8-gnu-toolchain/bin/../lib/gcc/avr/5.4.0/../../../../avr/lib/avr5\libm.a(floatsisf.o)
                              Sketch.o (__floatunsisf)
c:/program files (x86)/atmel/studio/7.0/toolchain/avr8/avr8-gnu-toolchain/bin/../lib/gcc/avr/5.4.0/../../../../avr/lib/avr5\libm.a(fp_cmp.o)
                              c:/program files (x86)/atmel/studio/7.0/toolchain/avr8/avr8-gnu-toolchain/bin/../lib/gcc/avr/5.4.0/../../../../avr/lib/avr5\libm.a(cmpsf2.o) (__fp_cmp)
c:/program files (x86)/atmel/studio/7.0/toolchain/avr8/avr8-gnu-toolchain/bin/../lib/gcc/avr/5.4.0/../../../../avr/lib/avr5\libm.a(fp_inf.o)
                              c:/program files (x86)/atmel/studio/7.0/toolchain/avr8/avr8-gnu-toolchain/bin/../lib/gcc/avr/5.4.0/../../../../avr/lib/avr5\libm.a(addsf3x.o) (__fp_inf)
c:/program files (x86)/atmel/studio/7.0/toolchain/avr8/avr8-gnu-toolchain/bin/../lib/gcc/avr/5.4.0/../../../../avr/lib/avr5\libm.a(fp_nan.o)
                              c:/program files (x86)/atmel/studio/7.0/toolchain/avr8/avr8-gnu-toolchain/bin/../lib/gcc/avr/5.4.0/../../../../avr/lib/avr5\libm.a(addsf3x.o) (__fp_nan)
c:/program files (x86)/atmel/studio/7.0/toolchain/avr8/avr8-gnu-toolchain/bin/../lib/gcc/avr/5.4.0/../../../../avr/lib/avr5\libm.a(fp_pscA.o)
                              c:/program files (x86)/atmel/studio/7.0/toolchain/avr8/avr8-gnu-toolchain/bin/../lib/gcc/avr/5.4.0/../../../../avr/lib/avr5\libm.a(addsf3x.o) (__fp_pscA)
c:/program files (x86)/atmel/studio/7.0/toolchain/avr8/avr8-gnu-toolchain/bin/../lib/gcc/avr/5.4.0/../../../../avr/lib/avr5\libm.a(fp_pscB.o)
                              c:/program files (x86)/atmel/studio/7.0/toolchain/avr8/avr8-gnu-toolchain/bin/../lib/gcc/avr/5.4.0/../../../../avr/lib/avr5\libm.a(addsf3x.o) (__fp_pscB)
c:/program files (x86)/atmel/studio/7.0/toolchain/avr8/avr8-gnu-toolchain/bin/../lib/gcc/avr/5.4.0/../../../../avr/lib/avr5\libm.a(fp_round.o)
                              c:/program files (x86)/atmel/studio/7.0/toolchain/avr8/avr8-gnu-toolchain/bin/../lib/gcc/avr/5.4.0/../../../../avr/lib/avr5\libm.a(addsf3.o) (__fp_round)
c:/program files (x86)/atmel/studio/7.0/toolchain/avr8/avr8-gnu-toolchain/bin/../lib/gcc/avr/5.4.0/../../../../avr/lib/avr5\libm.a(fp_split3.o)
                              c:/program files (x86)/atmel/studio/7.0/toolchain/avr8/avr8-gnu-toolchain/bin/../lib/gcc/avr/5.4.0/../../../../avr/lib/avr5\libm.a(addsf3x.o) (__fp_split3)
c:/program files (x86)/atmel/studio/7.0/toolchain/avr8/avr8-gnu-toolchain/bin/../lib/gcc/avr/5.4.0/../../../../avr/lib/avr5\libm.a(fp_zero.o)
                              c:/program files (x86)/atmel/studio/7.0/toolchain/avr8/avr8-gnu-toolchain/bin/../lib/gcc/avr/5.4.0/../../../../avr/lib/avr5\libm.a(addsf3x.o) (__fp_zero)
c:/program files (x86)/atmel/studio/7.0/toolchain/avr8/avr8-gnu-toolchain/bin/../lib/gcc/avr/5.4.0/../../../../avr/lib/avr5\libm.a(gesf2.o)
                              Sketch.o (__gtsf2)
c:/program files (x86)/atmel/studio/7.0/toolchain/avr8/avr8-gnu-toolchain/bin/../lib/gcc/avr/5.4.0/../../../../avr/lib/avr5\libm.a(mulsf3.o)
                              Sketch.o (__mulsf3)
[...]
Memory Configuration

Name             Origin             Length             Attributes
text             0x00000000         0x00020000         xr
data             0x00800060         0x0000ffa0         rw !x
eeprom           0x00810000         0x00010000         rw !x
fuse             0x00820000         0x00000003         rw !x
lock             0x00830000         0x00000400         rw !x
signature        0x00840000         0x00000400         rw !x
user_signatures  0x00850000         0x00000400         rw !x
*default*        0x00000000         0xffffffff

Linker script and memory map

Address of section .data set to 0x800100
LOAD C:/Program Files (x86)/Atmel/Studio/7.0/Packs/atmel/ATmega_DFP/1.2.150/gcc/dev/atmega328pb/avr5/crtatmega328pb.o
LOAD Motor1.o
LOAD myfunction.o
LOAD Sketch.o
LOAD src/Button1.o
LOAD src/comandaI2C.o
LOAD src/teste.o
LOAD src/EncoderMotor1.o
LOAD src/Led1.o
LOAD src/SenzorCap1.o
START GROUP
LOAD c:/program files (x86)/atmel/studio/7.0/toolchain/avr8/avr8-gnu-toolchain/bin/../lib/gcc/avr/5.4.0/../../../../avr/lib/avr5\libm.a
LOAD C:\Users\Daniel-M\Documents\Atmel Studio\7.0\FeederV200\FeederV200\ArduinoCore\Debug\libArduinoCore.a
END GROUP
LOAD c:/program files (x86)/atmel/studio/7.0/toolchain/avr8/avr8-gnu-toolchain/bin/../lib/gcc/avr/5.4.0/avr5\libgcc.a
LOAD c:/program files (x86)/atmel/studio/7.0/toolchain/avr8/avr8-gnu-toolchain/bin/../lib/gcc/avr/5.4.0/../../../../avr/lib/avr5\libm.a
START GROUP
LOAD c:/program files (x86)/atmel/studio/7.0/toolchain/avr8/avr8-gnu-toolchain/bin/../lib/gcc/avr/5.4.0/avr5\libgcc.a
LOAD c:/program files (x86)/atmel/studio/7.0/toolchain/avr8/avr8-gnu-toolchain/bin/../lib/gcc/avr/5.4.0/../../../../avr/lib/avr5\libm.a
LOAD c:/program files (x86)/atmel/studio/7.0/toolchain/avr8/avr8-gnu-toolchain/bin/../lib/gcc/avr/5.4.0/../../../../avr/lib/avr5\libc.a
LOAD C:/Program Files (x86)/Atmel/Studio/7.0/Packs/atmel/ATmega_DFP/1.2.150/gcc/dev/atmega328pb/avr5\libatmega328pb.a
END GROUP
                0x00000000                __TEXT_REGION_ORIGIN__ = DEFINED (__TEXT_REGION_ORIGIN__)?__TEXT_REGION_ORIGIN__:0x0
                0x00800060                __DATA_REGION_ORIGIN__ = DEFINED (__DATA_REGION_ORIGIN__)?__DATA_REGION_ORIGIN__:0x800060
                0x00020000                __TEXT_REGION_LENGTH__ = DEFINED (__TEXT_REGION_LENGTH__)?__TEXT_REGION_LENGTH__:0x20000
                0x0000ffa0                __DATA_REGION_LENGTH__ = DEFINED (__DATA_REGION_LENGTH__)?__DATA_REGION_LENGTH__:0xffa0
                0x00010000                __EEPROM_REGION_LENGTH__ = DEFINED (__EEPROM_REGION_LENGTH__)?__EEPROM_REGION_LENGTH__:0x10000
                [0x00000003]                __FUSE_REGION_LENGTH__ = DEFINED (__FUSE_REGION_LENGTH__)?__FUSE_REGION_LENGTH__:0x400
                0x00000400                __LOCK_REGION_LENGTH__ = DEFINED (__LOCK_REGION_LENGTH__)?__LOCK_REGION_LENGTH__:0x400
                0x00000400                __SIGNATURE_REGION_LENGTH__ = DEFINED (__SIGNATURE_REGION_LENGTH__)?__SIGNATURE_REGION_LENGTH__:0x400
                0x00000400                __USER_SIGNATURE_REGION_LENGTH__ = DEFINED (__USER_SIGNATURE_REGION_LENGTH__)?__USER_SIGNATURE_REGION_LENGTH__:0x400

.hash
 *(.hash)

.dynsym
 *(.dynsym)

.dynstr
 *(.dynstr)

.gnu.version
 *(.gnu.version)

.gnu.version_d
 *(.gnu.version_d)

.gnu.version_r
 *(.gnu.version_r)

.rel.init
 *(.rel.init)

.rela.init
 *(.rela.init)

.rel.text
 *(.rel.text)
 *(.rel.text.*)
 *(.rel.gnu.linkonce.t*)

.rela.text
 *(.rela.text)
 *(.rela.text.*)
 *(.rela.gnu.linkonce.t*)

.rel.fini
 *(.rel.fini)

.rela.fini
 *(.rela.fini)

.rel.rodata
 *(.rel.rodata)
 *(.rel.rodata.*)
 *(.rel.gnu.linkonce.r*)

.rela.rodata
 *(.rela.rodata)
 *(.rela.rodata.*)
 *(.rela.gnu.linkonce.r*)

.rel.data
 *(.rel.data)
 *(.rel.data.*)
 *(.rel.gnu.linkonce.d*)

.rela.data
 *(.rela.data)
 *(.rela.data.*)
 *(.rela.gnu.linkonce.d*)

.rel.ctors
 *(.rel.ctors)

.rela.ctors
 *(.rela.ctors)

.rel.dtors
 *(.rel.dtors)

.rela.dtors
 *(.rela.dtors)

.rel.got
 *(.rel.got)

.rela.got
 *(.rela.got)

.rel.bss
 *(.rel.bss)

.rela.bss
 *(.rela.bss)

.rel.plt
 *(.rel.plt)

.rela.plt
 *(.rela.plt)

.text           0x00000000     0x291e
 *(.vectors)
 .vectors       0x00000000       0xb4 C:/Program Files (x86)/Atmel/Studio/7.0/Packs/atmel/ATmega_DFP/1.2.150/gcc/dev/atmega328pb/avr5/crtatmega328pb.o
                0x00000000                __vector_default
                0x00000000                __vectors
 *(.vectors)
 *(.progmem.gcc*)
                0x000000b4                . = ALIGN (0x2)
                0x000000b4                __trampolines_start = .
 *(.trampolines)
 .trampolines   0x000000b4        0x0 linker stubs
 *(.trampolines*)
                0x000000b4                __trampolines_end = .
 *libprintf_flt.a:*(.progmem.data)
 *libc.a:*(.progmem.data)
 *(.progmem*)
 .progmem.data.digital_pin_to_timer_PGM
                0x000000b4       0x14 C:\Users\Daniel-M\Documents\Atmel Studio\7.0\FeederV200\FeederV200\ArduinoCore\Debug\libArduinoCore.a(wiring_digital.o)
                0x000000b4                digital_pin_to_timer_PGM
 .progmem.data.digital_pin_to_bit_mask_PGM
                0x000000c8       0x14 C:\Users\Daniel-M\Documents\Atmel Studio\7.0\FeederV200\FeederV200\ArduinoCore\Debug\libArduinoCore.a(wiring_digital.o)
                0x000000c8                digital_pin_to_bit_mask_PGM
 .progmem.data.digital_pin_to_port_PGM
                0x000000dc       0x14 C:\Users\Daniel-M\Documents\Atmel Studio\7.0\FeederV200\FeederV200\ArduinoCore\Debug\libArduinoCore.a(wiring_digital.o)
                0x000000dc                digital_pin_to_port_PGM
 .progmem.data.port_to_output_PGM
                0x000000f0        0xa C:\Users\Daniel-M\Documents\Atmel Studio\7.0\FeederV200\FeederV200\ArduinoCore\Debug\libArduinoCore.a(wiring_digital.o)
                0x000000f0                port_to_output_PGM
 .progmem.data.port_to_mode_PGM
                0x000000fa        0xa C:\Users\Daniel-M\Documents\Atmel Studio\7.0\FeederV200\FeederV200\ArduinoCore\Debug\libArduinoCore.a(wiring_digital.o)
                0x000000fa                port_to_mode_PGM
                0x00000104                . = ALIGN (0x2)
 *(.jumptables)
 *(.jumptables*)
 *(.lowtext)
 *(.lowtext*)
                0x00000104                __ctors_start = .
 *(.ctors)
 .ctors         0x00000104        0x2 Sketch.o
 .ctors         0x00000106        0x2 C:\Users\Daniel-M\Documents\Atmel Studio\7.0\FeederV200\FeederV200\ArduinoCore\Debug\libArduinoCore.a(HardwareSerial0.o)
 .ctors         0x00000108        0x2 C:\Users\Daniel-M\Documents\Atmel Studio\7.0\FeederV200\FeederV200\ArduinoCore\Debug\libArduinoCore.a(Wire.o)
                0x0000010a                __ctors_end = .
                0x0000010a                __dtors_start = .
 *(.dtors)
 .dtors         0x0000010a        0x2 Sketch.o
                0x0000010c                __dtors_end = .
 SORT(*)(.ctors)
 SORT(*)(.dtors)
 *(.init0)
 .init0         0x0000010c        0x0 C:/Program Files (x86)/Atmel/Studio/7.0/Packs/atmel/ATmega_DFP/1.2.150/gcc/dev/atmega328pb/avr5/crtatmega328pb.o
                0x0000010c                __init
 *(.init0)
 *(.init1)
 *(.init1)
 *(.init2)
 .init2         0x0000010c        0xc C:/Program Files (x86)/Atmel/Studio/7.0/Packs/atmel/ATmega_DFP/1.2.150/gcc/dev/atmega328pb/avr5/crtatmega328pb.o
 *(.init2)
 *(.init3)
 *(.init3)
 *(.init4)
 .init4         0x00000118       0x16 c:/program files (x86)/atmel/studio/7.0/toolchain/avr8/avr8-gnu-toolchain/bin/../lib/gcc/avr/5.4.0/avr5\libgcc.a(_copy_data.o)
                0x00000118                __do_copy_data
 .init4         0x0000012e       0x10 c:/program files (x86)/atmel/studio/7.0/toolchain/avr8/avr8-gnu-toolchain/bin/../lib/gcc/avr/5.4.0/avr5\libgcc.a(_clear_bss.o)
                0x0000012e                __do_clear_bss
 *(.init4)
 *(.init5)
 *(.init5)
 *(.init6)
 .init6         0x0000013e       0x16 c:/program files (x86)/atmel/studio/7.0/toolchain/avr8/avr8-gnu-toolchain/bin/../lib/gcc/avr/5.4.0/avr5\libgcc.a(_ctors.o)
                0x0000013e                __do_global_ctors
 *(.init6)
 *(.init7)
 *(.init7)
 *(.init8)
 *(.init8)
 *(.init9)
 .init9         0x00000154        0x8 C:/Program Files (x86)/Atmel/Studio/7.0/Packs/atmel/ATmega_DFP/1.2.150/gcc/dev/atmega328pb/avr5/crtatmega328pb.o
 *(.init9)
 *(.text)
 .text          0x0000015c        0x4 C:/Program Files (x86)/Atmel/Studio/7.0/Packs/atmel/ATmega_DFP/1.2.150/gcc/dev/atmega328pb/avr5/crtatmega328pb.o
                0x0000015c                __vector_38
                0x0000015c                __vector_22
                0x0000015c                __vector_28
                0x0000015c                __vector_32
                0x0000015c                __vector_34
                0x0000015c                __vector_12
                0x0000015c                __bad_interrupt
                0x0000015c                __vector_6
                0x0000015c                __vector_31
                0x0000015c                __vector_35
                0x0000015c                __vector_39
                0x0000015c                __vector_23
                0x0000015c                __vector_30
                0x0000015c                __vector_25
                0x0000015c                __vector_11
                0x0000015c                __vector_13
                0x0000015c                __vector_17
                0x0000015c                __vector_7
                0x0000015c                __vector_41
                0x0000015c                __vector_43
                0x0000015c                __vector_27
                0x0000015c                __vector_33
                0x0000015c                __vector_37
                0x0000015c                __vector_44
                0x0000015c                __vector_21
                0x0000015c                __vector_15
                0x0000015c                __vector_36
                0x0000015c                __vector_29
                0x0000015c                __vector_40
                0x0000015c                __vector_8
                0x0000015c                __vector_26
                0x0000015c                __vector_14
                0x0000015c                __vector_10
                0x0000015c                __vector_20
                0x0000015c                __vector_42
                0x00000160                . = ALIGN (0x2)
 *(.text.*)
 .text._ZN6Motor1D2Ev
                0x00000160        0x2 Motor1.o
                0x00000160                _ZN6Motor1D1Ev
                0x00000160                _ZN6Motor1D2Ev
 .text._ZN6Motor1C2Ehh
                0x00000162        0x8 Motor1.o
                0x00000162                _ZN6Motor1C1Ehh
                0x00000162                _ZN6Motor1C2Ehh
 .text._ZN6Motor15beginEv
                0x0000016a       0x2a Motor1.o
                0x0000016a                _ZN6Motor15beginEv
 .text._ZN6Motor17forwardEh
                0x00000194       0x22 Motor1.o
                0x00000194                _ZN6Motor17forwardEh
 .text._ZN6Motor17reverseEh
                0x000001b6       0x18 Motor1.o
                0x000001b6                _ZN6Motor17reverseEh
 .text._ZN6Motor17brakingEv
                0x000001ce       0x20 Motor1.o
                0x000001ce                _ZN6Motor17brakingEv
 .text._Z14doEncoderMotorv
                0x000001ee      0x10a Sketch.o
                0x000001ee                _Z14doEncoderMotorv
 .text._Z14doEncoderRoatav
                0x000002f8       0x4a Sketch.o
                0x000002f8                _Z14doEncoderRoatav
 .text._ZN11EEPROMClass4readEi.isra.2
                0x00000342        0x4 Sketch.o
 .text.__vector_3
                0x00000346       0x7a Sketch.o
                0x00000346                __vector_3
 .text.__vector_4
                0x000003c0       0xac Sketch.o
                0x000003c0                __vector_4
 .text.__vector_5
                0x0000046c       0x92 Sketch.o
                0x0000046c                __vector_5
 .text._Z11pasi_ramasiv
                0x000004fe       0x5a Sketch.o
                0x000004fe                _Z11pasi_ramasiv
 .text._Z3pidf  0x00000558      0x272 Sketch.o
                0x00000558                _Z3pidf
 .text._Z14activare_motorv
                0x000007ca      0x29a Sketch.o
                0x000007ca                _Z14activare_motorv
 .text._Z19reset_pid_variablesv
                0x00000a64       0x2c Sketch.o
                0x00000a64                _Z19reset_pid_variablesv
 .text._Z16comands_handlingv
                0x00000a90       0xca Sketch.o
                0x00000a90                _Z16comands_handlingv
 .text._Z13sleep_enablefv
                0x00000b5a       0x90 Sketch.o
                0x00000b5a                _Z13sleep_enablefv
 .text._Z23citire_secventa_butoaneh
                0x00000bea       0x94 Sketch.o
                0x00000bea                _Z23citire_secventa_butoaneh
 .text._Z18press_both_buttonsv
                0x00000c7e      0x1e4 Sketch.o
                0x00000c7e                _Z18press_both_buttonsv
 .text.__vector_9
                0x00000e62       0x24 Sketch.o
                0x00000e62                __vector_9
 .text.startup._GLOBAL__sub_I_encoderlast
                0x00000e86       0x48 Sketch.o
 .text.exit._GLOBAL__sub_D_encoderlast
                0x00000ece       0x38 Sketch.o
 .text._Z10trimiteI2Ci
                0x00000f06       0x5a Sketch.o
                0x00000f06                _Z10trimiteI2Ci
 .text._Z12receiveEventi
                0x00000f60       0x48 Sketch.o
                0x00000f60                _Z12receiveEventi
 .text._Z17send_i2c_responsev
                0x00000fa8       0xac Sketch.o
                0x00000fa8                _Z17send_i2c_responsev
 .text.loop     0x00001054       0x3c Sketch.o
                0x00001054                loop
 .text.setup    0x00001090      0x270 Sketch.o
                0x00001090                setup
 .text._ZN7Button1D2Ev
                0x00001300        0x2 src/Button1.o
                0x00001300                _ZN7Button1D1Ev
                0x00001300                _ZN7Button1D2Ev
 .text._ZN7Button1C2Eh
                0x00001302        0x6 src/Button1.o
                0x00001302                _ZN7Button1C1Eh
                0x00001302                _ZN7Button1C2Eh
 .text._ZN7Button15beginEv
                0x00001308       0x20 src/Button1.o
                0x00001308                _ZN7Button15beginEv
 .text._ZN7Button16statusEv
                0x00001328       0x20 src/Button1.o
                0x00001328                _ZN7Button16statusEv
 .text._ZN13EncoderMotor1D2Ev
                0x00001348        0x2 src/EncoderMotor1.o
                0x00001348                _ZN13EncoderMotor1D1Ev
                0x00001348                _ZN13EncoderMotor1D2Ev
 .text._ZN13EncoderMotor1C2Eh
                0x0000134a        0x6 src/EncoderMotor1.o
                0x0000134a                _ZN13EncoderMotor1C1Eh
                0x0000134a                _ZN13EncoderMotor1C2Eh
 .text._ZN13EncoderMotor18directieEv
                0x00001350       0x24 src/EncoderMotor1.o
                0x00001350                _ZN13EncoderMotor18directieEv
 .text._ZN4Led1D2Ev
                0x00001374        0x2 src/Led1.o
                0x00001374                _ZN4Led1D2Ev
                0x00001374                _ZN4Led1D1Ev
 .text._ZN4Led1C2Eh
                0x00001376        0x6 src/Led1.o
                0x00001376                _ZN4Led1C2Eh
                0x00001376                _ZN4Led1C1Eh
 .text._ZN4Led15beginEv
                0x0000137c       0x1e src/Led1.o
                0x0000137c                _ZN4Led15beginEv
 .text._ZN4Led12onEv
                0x0000139a       0x20 src/Led1.o
                0x0000139a                _ZN4Led12onEv
 .text._ZN4Led13offEv
                0x000013ba       0x1e src/Led1.o
                0x000013ba                _ZN4Led13offEv
 .text._ZN10SenzorCap1D2Ev
                0x000013d8        0x2 src/SenzorCap1.o
                0x000013d8                _ZN10SenzorCap1D1Ev
                0x000013d8                _ZN10SenzorCap1D2Ev
 .text._ZN10SenzorCap1C2Eh
                0x000013da        0x6 src/SenzorCap1.o
                0x000013da                _ZN10SenzorCap1C2Eh
                0x000013da                _ZN10SenzorCap1C1Eh
 .text._ZN10SenzorCap16statusEv
                0x000013e0       0x1a src/SenzorCap1.o
                0x000013e0                _ZN10SenzorCap16statusEv
 .text.avr-libc.fplib
                0x000013fa        0xe c:/program files (x86)/atmel/studio/7.0/toolchain/avr8/avr8-gnu-toolchain/bin/../lib/gcc/avr/5.4.0/../../../../avr/lib/avr5\libm.a(addsf3.o)
                0x000013fa                __subsf3
                0x000013fc                __addsf3
 .text.avr-libc.fplib
                0x00001408       0xcc c:/program files (x86)/atmel/studio/7.0/toolchain/avr8/avr8-gnu-toolchain/bin/../lib/gcc/avr/5.4.0/../../../../avr/lib/avr5\libm.a(addsf3x.o)
                0x0000142a                __addsf3x
 .text.avr-libc.fplib
                0x000014d4        0xa c:/program files (x86)/atmel/studio/7.0/toolchain/avr8/avr8-gnu-toolchain/bin/../lib/gcc/avr/5.4.0/../../../../avr/lib/avr5\libm.a(cmpsf2.o)
                0x000014d4                __nesf2
                0x000014d4                __eqsf2
                0x000014d4                __cmpsf2
                0x000014d4                __ltsf2
                0x000014d4                __lesf2
 .text.avr-libc.fplib
                0x000014de        0x8 c:/program files (x86)/atmel/studio/7.0/toolchain/avr8/avr8-gnu-toolchain/bin/../lib/gcc/avr/5.4.0/../../../../avr/lib/avr5\libm.a(divsf3.o)
                0x000014de                __divsf3
 .text.avr-libc.fplib
                0x000014e6       0xdc c:/program files (x86)/atmel/studio/7.0/toolchain/avr8/avr8-gnu-toolchain/bin/../lib/gcc/avr/5.4.0/../../../../avr/lib/avr5\libm.a(divsf3x.o)
                0x00001506                __divsf3x
                0x0000150c                __divsf3_pse
 .text.avr-libc.fplib
                0x000015c2        0xe c:/program files (x86)/atmel/studio/7.0/toolchain/avr8/avr8-gnu-toolchain/bin/../lib/gcc/avr/5.4.0/../../../../avr/lib/avr5\libm.a(fixsfsi.o)
                0x000015c2                __fixsfsi
 .text.avr-libc.fplib
                0x000015d0       0x5e c:/program files (x86)/atmel/studio/7.0/toolchain/avr8/avr8-gnu-toolchain/bin/../lib/gcc/avr/5.4.0/../../../../avr/lib/avr5\libm.a(fixunssfsi.o)
                0x000015d0                __fixunssfsi
 .text.avr-libc.fplib
                0x0000162e       0x7a c:/program files (x86)/atmel/studio/7.0/toolchain/avr8/avr8-gnu-toolchain/bin/../lib/gcc/avr/5.4.0/../../../../avr/lib/avr5\libm.a(floatsisf.o)
                0x0000162e                __floatunsisf
                0x00001632                __floatsisf
 .text.avr-libc.fplib
                0x000016a8       0x48 c:/program files (x86)/atmel/studio/7.0/toolchain/avr8/avr8-gnu-toolchain/bin/../lib/gcc/avr/5.4.0/../../../../avr/lib/avr5\libm.a(fp_cmp.o)
                0x000016a8                __fp_cmp
 .text.avr-libc.fplib
                0x000016f0        0xc c:/program files (x86)/atmel/studio/7.0/toolchain/avr8/avr8-gnu-toolchain/bin/../lib/gcc/avr/5.4.0/../../../../avr/lib/avr5\libm.a(fp_inf.o)
                0x000016f0                __fp_inf
 .text.avr-libc.fplib
                0x000016fc        0x6 c:/program files (x86)/atmel/studio/7.0/toolchain/avr8/avr8-gnu-toolchain/bin/../lib/gcc/avr/5.4.0/../../../../avr/lib/avr5\libm.a(fp_nan.o)
                0x000016fc                __fp_nan
 .text.avr-libc.fplib
                0x00001702        0xe c:/program files (x86)/atmel/studio/7.0/toolchain/avr8/avr8-gnu-toolchain/bin/../lib/gcc/avr/5.4.0/../../../../avr/lib/avr5\libm.a(fp_pscA.o)
                0x00001702                __fp_pscA
 .text.avr-libc.fplib
                0x00001710        0xe c:/program files (x86)/atmel/studio/7.0/toolchain/avr8/avr8-gnu-toolchain/bin/../lib/gcc/avr/5.4.0/../../../../avr/lib/avr5\libm.a(fp_pscB.o)
                0x00001710                __fp_pscB
 .text.avr-libc.fplib
                0x0000171e       0x22 c:/program files (x86)/atmel/studio/7.0/toolchain/avr8/avr8-gnu-toolchain/bin/../lib/gcc/avr/5.4.0/../../../../avr/lib/avr5\libm.a(fp_round.o)
                0x0000171e                __fp_round
 .text.avr-libc.fplib
                0x00001740       0x44 c:/program files (x86)/atmel/studio/7.0/toolchain/avr8/avr8-gnu-toolchain/bin/../lib/gcc/avr/5.4.0/../../../../avr/lib/avr5\libm.a(fp_split3.o)
                0x00001740                __fp_split3
                0x00001750                __fp_splitA
 .text.avr-libc.fplib
                0x00001784        0xe c:/program files (x86)/atmel/studio/7.0/toolchain/avr8/avr8-gnu-toolchain/bin/../lib/gcc/avr/5.4.0/../../../../avr/lib/avr5\libm.a(fp_zero.o)
                0x00001784                __fp_zero
                0x00001786                __fp_szero
 .text.avr-libc.fplib
                0x00001792        0xa c:/program files (x86)/atmel/studio/7.0/toolchain/avr8/avr8-gnu-toolchain/bin/../lib/gcc/avr/5.4.0/../../../../avr/lib/avr5\libm.a(gesf2.o)
                0x00001792                __gesf2
                0x00001792                __gtsf2
 .text.avr-libc.fplib
                0x0000179c        0x8 c:/program files (x86)/atmel/studio/7.0/toolchain/avr8/avr8-gnu-toolchain/bin/../lib/gcc/avr/5.4.0/../../../../avr/lib/avr5\libm.a(mulsf3.o)
                0x0000179c                __mulsf3
 .text.avr-libc.fplib
                0x000017a4       0xd2 c:/program files (x86)/atmel/studio/7.0/toolchain/avr8/avr8-gnu-toolchain/bin/../lib/gcc/avr/5.4.0/../../../../avr/lib/avr5\libm.a(mulsf3x.o)
                0x000017c2                __mulsf3x
                0x000017c8                __mulsf3_pse
 .text.avr-libc.fplib
                0x00001876       0x8c c:/program files (x86)/atmel/studio/7.0/toolchain/avr8/avr8-gnu-toolchain/bin/../lib/gcc/avr/5.4.0/../../../../avr/lib/avr5\libm.a(sqrt.o)
                0x00001882                sqrtf
                0x00001882                sqrt
 .text.avr-libc.fplib
                0x00001902       0x1c c:/program files (x86)/atmel/studio/7.0/toolchain/avr8/avr8-gnu-toolchain/bin/../lib/gcc/avr/5.4.0/../../../../avr/lib/avr5\libm.a(fp_mpack.o)
                0x00001902                __fp_mpack
                0x00001906                __fp_mpack_finite
 .text.avr-libc.fplib
                0x0000191e        0xe c:/program files (x86)/atmel/studio/7.0/toolchain/avr8/avr8-gnu-toolchain/bin/../lib/gcc/avr/5.4.0/../../../../avr/lib/avr5\libm.a(fp_norm2.o)
                0x0000191e                __fp_norm2
 .text._ZN5Print17availableForWriteEv
                0x0000192c        0x6 C:\Users\Daniel-M\Documents\Atmel Studio\7.0\FeederV200\FeederV200\ArduinoCore\Debug\libArduinoCore.a(HardwareSerial0.o)
                0x0000192c                _ZN5Print17availableForWriteEv
 .text.__vector_18
                0x00001932       0x64 C:\Users\Daniel-M\Documents\Atmel Studio\7.0\FeederV200\FeederV200\ArduinoCore\Debug\libArduinoCore.a(HardwareSerial0.o)
                0x00001932                __vector_18
 .text.__vector_19
                0x00001996       0x4c C:\Users\Daniel-M\Documents\Atmel Studio\7.0\FeederV200\FeederV200\ArduinoCore\Debug\libArduinoCore.a(HardwareSerial0.o)
                0x00001996                __vector_19
 .text._Z17Serial0_availablev
                0x000019e2       0x14 C:\Users\Daniel-M\Documents\Atmel Studio\7.0\FeederV200\FeederV200\ArduinoCore\Debug\libArduinoCore.a(HardwareSerial0.o)
                0x000019e2                _Z17Serial0_availablev
 .text.startup._GLOBAL__sub_I___vector_18
                0x000019f6       0x5a C:\Users\Daniel-M\Documents\Atmel Studio\7.0\FeederV200\FeederV200\ArduinoCore\Debug\libArduinoCore.a(HardwareSerial0.o)
 .text.initVariant
                0x00001a50        0x2 C:\Users\Daniel-M\Documents\Atmel Studio\7.0\FeederV200\FeederV200\ArduinoCore\Debug\libArduinoCore.a(main.o)
                0x00001a50                initVariant
 .text.startup.main
                0x00001a52       0x1e C:\Users\Daniel-M\Documents\Atmel Studio\7.0\FeederV200\FeederV200\ArduinoCore\Debug\libArduinoCore.a(main.o)
                0x00001a52                main
 .text._ZN5Print5writeEPKhj
                0x00001a70       0x54 C:\Users\Daniel-M\Documents\Atmel Studio\7.0\FeederV200\FeederV200\ArduinoCore\Debug\libArduinoCore.a(Print.o)
                0x00001a70                _ZN5Print5writeEPKhj
 .text._ZN5Print5writeEPKc
                0x00001ac4       0x2a C:\Users\Daniel-M\Documents\Atmel Studio\7.0\FeederV200\FeederV200\ArduinoCore\Debug\libArduinoCore.a(Print.o)
                0x00001ac4                _ZN5Print5writeEPKc
 .text._ZN5Print7printlnEv
                0x00001aee        0x8 C:\Users\Daniel-M\Documents\Atmel Studio\7.0\FeederV200\FeederV200\ArduinoCore\Debug\libArduinoCore.a(Print.o)
                0x00001aee                _ZN5Print7printlnEv
 .text._ZN5Print7printlnEPKc
                0x00001af6       0x24 C:\Users\Daniel-M\Documents\Atmel Studio\7.0\FeederV200\FeederV200\ArduinoCore\Debug\libArduinoCore.a(Print.o)
                0x00001af6                _ZN5Print7printlnEPKc
 .text._ZN5Print11printNumberEmh
                0x00001b1a       0x92 C:\Users\Daniel-M\Documents\Atmel Studio\7.0\FeederV200\FeederV200\ArduinoCore\Debug\libArduinoCore.a(Print.o)
                0x00001b1a                _ZN5Print11printNumberEmh
 .text._ZN5Print5printEmi
                0x00001bac       0x1a C:\Users\Daniel-M\Documents\Atmel Studio\7.0\FeederV200\FeederV200\ArduinoCore\Debug\libArduinoCore.a(Print.o)
                0x00001bac                _ZN5Print5printEmi
 .text._ZN5Print5printEhi
                0x00001bc6        0xe C:\Users\Daniel-M\Documents\Atmel Studio\7.0\FeederV200\FeederV200\ArduinoCore\Debug\libArduinoCore.a(Print.o)
                0x00001bc6                _ZN5Print5printEhi
 .text.nothing  0x00001bd4        0x2 C:\Users\Daniel-M\Documents\Atmel Studio\7.0\FeederV200\FeederV200\ArduinoCore\Debug\libArduinoCore.a(WInterrupts.o)
 .text.attachInterrupt
                0x00001bd6       0x40 C:\Users\Daniel-M\Documents\Atmel Studio\7.0\FeederV200\FeederV200\ArduinoCore\Debug\libArduinoCore.a(WInterrupts.o)
                0x00001bd6                attachInterrupt
 .text.__vector_1
                0x00001c16       0x4e C:\Users\Daniel-M\Documents\Atmel Studio\7.0\FeederV200\FeederV200\ArduinoCore\Debug\libArduinoCore.a(WInterrupts.o)
                0x00001c16                __vector_1
 .text.__vector_2
                0x00001c64       0x4e C:\Users\Daniel-M\Documents\Atmel Studio\7.0\FeederV200\FeederV200\ArduinoCore\Debug\libArduinoCore.a(WInterrupts.o)
                0x00001c64                __vector_2
 .text.__vector_16
                0x00001cb2       0x94 C:\Users\Daniel-M\Documents\Atmel Studio\7.0\FeederV200\FeederV200\ArduinoCore\Debug\libArduinoCore.a(wiring.o)
                0x00001cb2                __vector_16
 .text.millis   0x00001d46       0x18 C:\Users\Daniel-M\Documents\Atmel Studio\7.0\FeederV200\FeederV200\ArduinoCore\Debug\libArduinoCore.a(wiring.o)
                0x00001d46                millis
 .text.micros   0x00001d5e       0x4a C:\Users\Daniel-M\Documents\Atmel Studio\7.0\FeederV200\FeederV200\ArduinoCore\Debug\libArduinoCore.a(wiring.o)
                0x00001d5e                micros
 .text.delay    0x00001da8       0x78 C:\Users\Daniel-M\Documents\Atmel Studio\7.0\FeederV200\FeederV200\ArduinoCore\Debug\libArduinoCore.a(wiring.o)
                0x00001da8                delay
 .text.delayMicroseconds
                0x00001e20       0x16 C:\Users\Daniel-M\Documents\Atmel Studio\7.0\FeederV200\FeederV200\ArduinoCore\Debug\libArduinoCore.a(wiring.o)
                0x00001e20                delayMicroseconds
 .text.init     0x00001e36       0x76 C:\Users\Daniel-M\Documents\Atmel Studio\7.0\FeederV200\FeederV200\ArduinoCore\Debug\libArduinoCore.a(wiring.o)
                0x00001e36                init
 .text.analogWrite
                0x00001eac       0xbe C:\Users\Daniel-M\Documents\Atmel Studio\7.0\FeederV200\FeederV200\ArduinoCore\Debug\libArduinoCore.a(wiring_analog.o)
                0x00001eac                analogWrite
 .text.turnOffPWM
                0x00001f6a       0x52 C:\Users\Daniel-M\Documents\Atmel Studio\7.0\FeederV200\FeederV200\ArduinoCore\Debug\libArduinoCore.a(wiring_digital.o)
 .text.pinMode  0x00001fbc       0x78 C:\Users\Daniel-M\Documents\Atmel Studio\7.0\FeederV200\FeederV200\ArduinoCore\Debug\libArduinoCore.a(wiring_digital.o)
                0x00001fbc                pinMode
 .text.digitalWrite
                0x00002034       0x5e C:\Users\Daniel-M\Documents\Atmel Studio\7.0\FeederV200\FeederV200\ArduinoCore\Debug\libArduinoCore.a(wiring_digital.o)
                0x00002034                digitalWrite
 .text._ZN7TwoWire9availableEv
                0x00002092       0x10 C:\Users\Daniel-M\Documents\Atmel Studio\7.0\FeederV200\FeederV200\ArduinoCore\Debug\libArduinoCore.a(Wire.o)
                0x00002092                _ZN7TwoWire9availableEv
 .text._ZN7TwoWire4readEv
                0x000020a2       0x28 C:\Users\Daniel-M\Documents\Atmel Studio\7.0\FeederV200\FeederV200\ArduinoCore\Debug\libArduinoCore.a(Wire.o)
                0x000020a2                _ZN7TwoWire4readEv
 .text._ZN7TwoWire4peekEv
                0x000020ca       0x1e C:\Users\Daniel-M\Documents\Atmel Studio\7.0\FeederV200\FeederV200\ArduinoCore\Debug\libArduinoCore.a(Wire.o)
                0x000020ca                _ZN7TwoWire4peekEv
 .text._ZN7TwoWire5flushEv
                0x000020e8        0x2 C:\Users\Daniel-M\Documents\Atmel Studio\7.0\FeederV200\FeederV200\ArduinoCore\Debug\libArduinoCore.a(Wire.o)
                0x000020e8                _ZN7TwoWire5flushEv
 .text._ZN7TwoWire16onReceiveServiceEPhi
                0x000020ea       0x54 C:\Users\Daniel-M\Documents\Atmel Studio\7.0\FeederV200\FeederV200\ArduinoCore\Debug\libArduinoCore.a(Wire.o)
                0x000020ea                _ZN7TwoWire16onReceiveServiceEPhi
 .text._ZN7TwoWire16onRequestServiceEv
                0x0000213e       0x18 C:\Users\Daniel-M\Documents\Atmel Studio\7.0\FeederV200\FeederV200\ArduinoCore\Debug\libArduinoCore.a(Wire.o)
                0x0000213e                _ZN7TwoWire16onRequestServiceEv
 .text._ZN7TwoWire5writeEPKhj
                0x00002156       0x5a C:\Users\Daniel-M\Documents\Atmel Studio\7.0\FeederV200\FeederV200\ArduinoCore\Debug\libArduinoCore.a(Wire.o)
                0x00002156                _ZN7TwoWire5writeEPKhj
 .text._ZN7TwoWire5writeEh
                0x000021b0       0x5e C:\Users\Daniel-M\Documents\Atmel Studio\7.0\FeederV200\FeederV200\ArduinoCore\Debug\libArduinoCore.a(Wire.o)
                0x000021b0                _ZN7TwoWire5writeEh
 .text._ZN7TwoWireC2Ev
                0x0000220e       0x20 C:\Users\Daniel-M\Documents\Atmel Studio\7.0\FeederV200\FeederV200\ArduinoCore\Debug\libArduinoCore.a(Wire.o)
                0x0000220e                _ZN7TwoWireC1Ev
                0x0000220e                _ZN7TwoWireC2Ev
 .text._ZN7TwoWire5beginEv
                0x0000222e       0x14 C:\Users\Daniel-M\Documents\Atmel Studio\7.0\FeederV200\FeederV200\ArduinoCore\Debug\libArduinoCore.a(Wire.o)
                0x0000222e                _ZN7TwoWire5beginEv
 .text._ZN7TwoWire5beginEh
                0x00002242       0x26 C:\Users\Daniel-M\Documents\Atmel Studio\7.0\FeederV200\FeederV200\ArduinoCore\Debug\libArduinoCore.a(Wire.o)
                0x00002242                _ZN7TwoWire5beginEh
 .text._ZN7TwoWire17beginTransmissionEh
                0x00002268       0x14 C:\Users\Daniel-M\Documents\Atmel Studio\7.0\FeederV200\FeederV200\ArduinoCore\Debug\libArduinoCore.a(Wire.o)
                0x00002268                _ZN7TwoWire17beginTransmissionEh
 .text._ZN7TwoWire17beginTransmissionEi
                0x0000227c        0x4 C:\Users\Daniel-M\Documents\Atmel Studio\7.0\FeederV200\FeederV200\ArduinoCore\Debug\libArduinoCore.a(Wire.o)
                0x0000227c                _ZN7TwoWire17beginTransmissionEi
 .text._ZN7TwoWire15endTransmissionEh
                0x00002280       0x26 C:\Users\Daniel-M\Documents\Atmel Studio\7.0\FeederV200\FeederV200\ArduinoCore\Debug\libArduinoCore.a(Wire.o)
                0x00002280                _ZN7TwoWire15endTransmissionEh
 .text._ZN7TwoWire15endTransmissionEv
                0x000022a6        0x6 C:\Users\Daniel-M\Documents\Atmel Studio\7.0\FeederV200\FeederV200\ArduinoCore\Debug\libArduinoCore.a(Wire.o)
                0x000022a6                _ZN7TwoWire15endTransmissionEv
 .text._ZN7TwoWire9onReceiveEPFviE
                0x000022ac        0xa C:\Users\Daniel-M\Documents\Atmel Studio\7.0\FeederV200\FeederV200\ArduinoCore\Debug\libArduinoCore.a(Wire.o)
                0x000022ac                _ZN7TwoWire9onReceiveEPFviE
 .text.startup._GLOBAL__sub_I__ZN7TwoWire8rxBufferE
                0x000022b6        0x8 C:\Users\Daniel-M\Documents\Atmel Studio\7.0\FeederV200\FeederV200\ArduinoCore\Debug\libArduinoCore.a(Wire.o)
 .text._ZN14HardwareSerial9availableEv
                0x000022be       0x18 C:\Users\Daniel-M\Documents\Atmel Studio\7.0\FeederV200\FeederV200\ArduinoCore\Debug\libArduinoCore.a(HardwareSerial.o)
                0x000022be                _ZN14HardwareSerial9availableEv
 .text._ZN14HardwareSerial4peekEv
                0x000022d6       0x1c C:\Users\Daniel-M\Documents\Atmel Studio\7.0\FeederV200\FeederV200\ArduinoCore\Debug\libArduinoCore.a(HardwareSerial.o)
                0x000022d6                _ZN14HardwareSerial4peekEv
 .text._ZN14HardwareSerial4readEv
                0x000022f2       0x28 C:\Users\Daniel-M\Documents\Atmel Studio\7.0\FeederV200\FeederV200\ArduinoCore\Debug\libArduinoCore.a(HardwareSerial.o)
                0x000022f2                _ZN14HardwareSerial4readEv
 .text._ZN14HardwareSerial17availableForWriteEv
                0x0000231a       0x1e C:\Users\Daniel-M\Documents\Atmel Studio\7.0\FeederV200\FeederV200\ArduinoCore\Debug\libArduinoCore.a(HardwareSerial.o)
                0x0000231a                _ZN14HardwareSerial17availableForWriteEv
 .text._Z14serialEventRunv
                0x00002338       0x1c C:\Users\Daniel-M\Documents\Atmel Studio\7.0\FeederV200\FeederV200\ArduinoCore\Debug\libArduinoCore.a(HardwareSerial.o)
                0x00002338                _Z14serialEventRunv
 .text._ZN14HardwareSerial17_tx_udr_empty_irqEv
                0x00002354       0x42 C:\Users\Daniel-M\Documents\Atmel Studio\7.0\FeederV200\FeederV200\ArduinoCore\Debug\libArduinoCore.a(HardwareSerial.o)
                0x00002354                _ZN14HardwareSerial17_tx_udr_empty_irqEv
 .text._ZN14HardwareSerial5writeEh
                0x00002396       0x8e C:\Users\Daniel-M\Documents\Atmel Studio\7.0\FeederV200\FeederV200\ArduinoCore\Debug\libArduinoCore.a(HardwareSerial.o)
                0x00002396                _ZN14HardwareSerial5writeEh
 .text._ZN14HardwareSerial5flushEv
                0x00002424       0x44 C:\Users\Daniel-M\Documents\Atmel Studio\7.0\FeederV200\FeederV200\ArduinoCore\Debug\libArduinoCore.a(HardwareSerial.o)
                0x00002424                _ZN14HardwareSerial5flushEv
 .text.__empty  0x00002468        0x2 C:\Users\Daniel-M\Documents\Atmel Studio\7.0\FeederV200\FeederV200\ArduinoCore\Debug\libArduinoCore.a(hooks.o)
                0x00002468                yield
 .text.twi_init
                0x0000246a       0x3c C:\Users\Daniel-M\Documents\Atmel Studio\7.0\FeederV200\FeederV200\ArduinoCore\Debug\libArduinoCore.a(twi.o)
                0x0000246a                twi_init
 .text.twi_setAddress
                0x000024a6        0x8 C:\Users\Daniel-M\Documents\Atmel Studio\7.0\FeederV200\FeederV200\ArduinoCore\Debug\libArduinoCore.a(twi.o)
                0x000024a6                twi_setAddress
 .text.twi_writeTo
                0x000024ae       0xac C:\Users\Daniel-M\Documents\Atmel Studio\7.0\FeederV200\FeederV200\ArduinoCore\Debug\libArduinoCore.a(twi.o)
                0x000024ae                twi_writeTo
 .text.twi_transmit
                0x0000255a       0x50 C:\Users\Daniel-M\Documents\Atmel Studio\7.0\FeederV200\FeederV200\ArduinoCore\Debug\libArduinoCore.a(twi.o)
                0x0000255a                twi_transmit
 .text.twi_attachSlaveRxEvent
                0x000025aa        0xa C:\Users\Daniel-M\Documents\Atmel Studio\7.0\FeederV200\FeederV200\ArduinoCore\Debug\libArduinoCore.a(twi.o)
                0x000025aa                twi_attachSlaveRxEvent
 .text.twi_attachSlaveTxEvent
                0x000025b4        0xa C:\Users\Daniel-M\Documents\Atmel Studio\7.0\FeederV200\FeederV200\ArduinoCore\Debug\libArduinoCore.a(twi.o)
                0x000025b4                twi_attachSlaveTxEvent
 .text.twi_stop
                0x000025be       0x14 C:\Users\Daniel-M\Documents\Atmel Studio\7.0\FeederV200\FeederV200\ArduinoCore\Debug\libArduinoCore.a(twi.o)
                0x000025be                twi_stop
 .text.twi_releaseBus
                0x000025d2        0xc C:\Users\Daniel-M\Documents\Atmel Studio\7.0\FeederV200\FeederV200\ArduinoCore\Debug\libArduinoCore.a(twi.o)
                0x000025d2                twi_releaseBus
 .text.__vector_24
                0x000025de      0x25a C:\Users\Daniel-M\Documents\Atmel Studio\7.0\FeederV200\FeederV200\ArduinoCore\Debug\libArduinoCore.a(twi.o)
                0x000025de                __vector_24
 .text.libgcc.div
                0x00002838       0x28 c:/program files (x86)/atmel/studio/7.0/toolchain/avr8/avr8-gnu-toolchain/bin/../lib/gcc/avr/5.4.0/avr5\libgcc.a(_udivmodhi4.o)
                0x00002838                __udivmodhi4
 .text.libgcc.div
                0x00002860       0x28 c:/program files (x86)/atmel/studio/7.0/toolchain/avr8/avr8-gnu-toolchain/bin/../lib/gcc/avr/5.4.0/avr5\libgcc.a(_divmodhi4.o)
                0x00002860                _div
                0x00002860                __divmodhi4
 .text.libgcc.div
                0x00002888       0x44 c:/program files (x86)/atmel/studio/7.0/toolchain/avr8/avr8-gnu-toolchain/bin/../lib/gcc/avr/5.4.0/avr5\libgcc.a(_udivmodsi4.o)
                0x00002888                __udivmodsi4
 .text.libgcc   0x000028cc        0xc c:/program files (x86)/atmel/studio/7.0/toolchain/avr8/avr8-gnu-toolchain/bin/../lib/gcc/avr/5.4.0/avr5\libgcc.a(_tablejump2.o)
                0x000028cc                __tablejump2__
 .text.avr-libc
                0x000028d8       0x10 C:/Program Files (x86)/Atmel/Studio/7.0/Packs/atmel/ATmega_DFP/1.2.150/gcc/dev/atmega328pb/avr5\libatmega328pb.a(eerd_byte.o)
                0x000028d8                eeprom_read_byte
 .text.avr-libc
                0x000028e8       0x1c C:/Program Files (x86)/Atmel/Studio/7.0/Packs/atmel/ATmega_DFP/1.2.150/gcc/dev/atmega328pb/avr5\libatmega328pb.a(eewr_byte.o)
                0x000028e8                eeprom_write_byte
                0x000028ea                eeprom_write_r18
                0x00002904                . = ALIGN (0x2)
 *(.fini9)
 .fini9         0x00002904        0x0 c:/program files (x86)/atmel/studio/7.0/toolchain/avr8/avr8-gnu-toolchain/bin/../lib/gcc/avr/5.4.0/avr5\libgcc.a(_exit.o)
                0x00002904                _exit
                0x00002904                exit
 *(.fini9)
 *(.fini8)
 *(.fini8)
 *(.fini7)
 *(.fini7)
 *(.fini6)
 .fini6         0x00002904       0x16 c:/program files (x86)/atmel/studio/7.0/toolchain/avr8/avr8-gnu-toolchain/bin/../lib/gcc/avr/5.4.0/avr5\libgcc.a(_dtors.o)
                0x00002904                __do_global_dtors
 *(.fini6)
 *(.fini5)
 *(.fini5)
 *(.fini4)
 *(.fini4)
 *(.fini3)
 *(.fini3)
 *(.fini2)
 *(.fini2)
 *(.fini1)
 *(.fini1)
 *(.fini0)
 .fini0         0x0000291a        0x4 c:/program files (x86)/atmel/studio/7.0/toolchain/avr8/avr8-gnu-toolchain/bin/../lib/gcc/avr/5.4.0/avr5\libgcc.a(_exit.o)
 *(.fini0)
                0x0000291e                _etext = .

.data           0x00800100       0x44 load address 0x0000291e
                0x00800100                PROVIDE (__data_start, .)
 *(.data)
 *(.data*)
 .data.SLAVE_ADRESS
                0x00800100        0x4 Sketch.o
                0x00800100                SLAVE_ADRESS
 .data.portDhistory
                0x00800104        0x1 Sketch.o
                0x00800104                portDhistory
 .data.intFunc  0x00800105        0x4 C:\Users\Daniel-M\Documents\Atmel Studio\7.0\FeederV200\FeederV200\ArduinoCore\Debug\libArduinoCore.a(WInterrupts.o)
 *(.gnu.linkonce.d*)
 *(.rodata)
 *(.rodata*)
 .rodata.str1.1
                0x00800109        0x8 Sketch.o
 .rodata.str1.1
                0x00800111        0xf C:\Users\Daniel-M\Documents\Atmel Studio\7.0\FeederV200\FeederV200\ArduinoCore\Debug\libArduinoCore.a(Print.o)
 .rodata._ZTV7TwoWire
                0x00800120       0x12 C:\Users\Daniel-M\Documents\Atmel Studio\7.0\FeederV200\FeederV200\ArduinoCore\Debug\libArduinoCore.a(Wire.o)
                0x00800120                _ZTV7TwoWire
 .rodata._ZTV14HardwareSerial
                0x00800132       0x12 C:\Users\Daniel-M\Documents\Atmel Studio\7.0\FeederV200\FeederV200\ArduinoCore\Debug\libArduinoCore.a(HardwareSerial.o)
                0x00800132                _ZTV14HardwareSerial
 *(.gnu.linkonce.r*)
                0x00800144                . = ALIGN (0x2)
                0x00800144                _edata = .
                0x00800144                PROVIDE (__data_end, .)

.bss            0x00800144      0x20e
                0x00800144                PROVIDE (__bss_start, .)
 *(.bss)
 *(.bss*)
 .bss._ZZ3pidfE6output
                0x00800144        0x2 Sketch.o
 .bss._ZZ3pidfE1z
                0x00800146        0x2 Sketch.o
 .bss.encoder_motor
                0x00800148        0x2 Sketch.o
                0x00800148                encoder_motor
 .bss.senzor_cap
                0x0080014a        0x2 Sketch.o
                0x0080014a                senzor_cap
 .bss.buton_black
                0x0080014c        0x2 Sketch.o
                0x0080014c                buton_black
 .bss.buton_red
                0x0080014e        0x2 Sketch.o
                0x0080014e                buton_red
 .bss.mot       0x00800150        0x4 Sketch.o
                0x00800150                mot
 .bss.led_green
                0x00800154        0x2 Sketch.o
                0x00800154                led_green
 .bss.led_red   0x00800156        0x2 Sketch.o
                0x00800156                led_red
 .bss.command_recived_i2c
                0x00800158        0x4 Sketch.o
                0x00800158                command_recived_i2c
 .bss.flag_acknoledge_i2c
                0x0080015c        0x1 Sketch.o
                0x0080015c                flag_acknoledge_i2c
 .bss.adress_b3
                0x0080015d        0x1 Sketch.o
                0x0080015d                adress_b3
 .bss.adress_b2
                0x0080015e        0x1 Sketch.o
                0x0080015e                adress_b2
 .bss.adress_b1
                0x0080015f        0x1 Sketch.o
                0x0080015f                adress_b1
 .bss.ff        0x00800160        0x3 Sketch.o
                0x00800160                ff
 .bss.ii        0x00800163       0x64 Sketch.o
                0x00800163                ii
 .bss.kk        0x008001c7        0x2 Sketch.o
                0x008001c7                kk
 .bss.t         0x008001c9        0x2 Sketch.o
                0x008001c9                t
 .bss.cod_butoane
                0x008001cb        0x1 Sketch.o
                0x008001cb                cod_butoane
 .bss.lungime_pas_mm
                0x008001cc        0x1 Sketch.o
                0x008001cc                lungime_pas_mm
 .bss.flag_power
                0x008001cd        0x1 Sketch.o
                0x008001cd                flag_power
 .bss.pasul     0x008001ce        0x2 Sketch.o
                0x008001ce                pasul
 .bss.lastMilli
                0x008001d0        0x4 Sketch.o
                0x008001d0                lastMilli
 .bss.flag_roata
                0x008001d4        0x1 Sketch.o
                0x008001d4                flag_roata
 .bss.flag_low_voltage
                0x008001d5        0x1 Sketch.o
                0x008001d5                flag_low_voltage
 .bss.flag_directie
                0x008001d6        0x1 Sketch.o
                0x008001d6                flag_directie
 .bss.encoderMotorPos
                0x008001d7        0x2 Sketch.o
                0x008001d7                encoderMotorPos
 .bss.flag_trimiteI2C
                0x008001d9        0x1 Sketch.o
                0x008001d9                flag_trimiteI2C
 .bss.integral  0x008001da        0x4 Sketch.o
                0x008001da                integral
 .bss.previous_error
                0x008001de        0x4 Sketch.o
                0x008001de                previous_error
 .bss.lastMilli2
                0x008001e2        0x4 Sketch.o
                0x008001e2                lastMilli2
 .bss.encoderlast
                0x008001e6        0x2 Sketch.o
                0x008001e6                encoderlast
 .bss.Serial    0x008001e8       0x9d C:\Users\Daniel-M\Documents\Atmel Studio\7.0\FeederV200\FeederV200\ArduinoCore\Debug\libArduinoCore.a(HardwareSerial0.o)
                0x008001e8                Serial
 .bss.timer0_fract
                0x00800285        0x1 C:\Users\Daniel-M\Documents\Atmel Studio\7.0\FeederV200\FeederV200\ArduinoCore\Debug\libArduinoCore.a(wiring.o)
 .bss.timer0_millis
                0x00800286        0x4 C:\Users\Daniel-M\Documents\Atmel Studio\7.0\FeederV200\FeederV200\ArduinoCore\Debug\libArduinoCore.a(wiring.o)
                0x00800286                timer0_millis
 .bss.timer0_overflow_count
                0x0080028a        0x4 C:\Users\Daniel-M\Documents\Atmel Studio\7.0\FeederV200\FeederV200\ArduinoCore\Debug\libArduinoCore.a(wiring.o)
                0x0080028a                timer0_overflow_count
 .bss.Wire      0x0080028e        0xc C:\Users\Daniel-M\Documents\Atmel Studio\7.0\FeederV200\FeederV200\ArduinoCore\Debug\libArduinoCore.a(Wire.o)
                0x0080028e                Wire
 .bss._ZN7TwoWire14user_onReceiveE
                0x0080029a        0x2 C:\Users\Daniel-M\Documents\Atmel Studio\7.0\FeederV200\FeederV200\ArduinoCore\Debug\libArduinoCore.a(Wire.o)
                0x0080029a                _ZN7TwoWire14user_onReceiveE
 .bss._ZN7TwoWire14user_onRequestE
                0x0080029c        0x2 C:\Users\Daniel-M\Documents\Atmel Studio\7.0\FeederV200\FeederV200\ArduinoCore\Debug\libArduinoCore.a(Wire.o)
                0x0080029c                _ZN7TwoWire14user_onRequestE
 .bss._ZN7TwoWire12transmittingE
                0x0080029e        0x1 C:\Users\Daniel-M\Documents\Atmel Studio\7.0\FeederV200\FeederV200\ArduinoCore\Debug\libArduinoCore.a(Wire.o)
                0x0080029e                _ZN7TwoWire12transmittingE
 .bss._ZN7TwoWire14txBufferLengthE
                0x0080029f        0x1 C:\Users\Daniel-M\Documents\Atmel Studio\7.0\FeederV200\FeederV200\ArduinoCore\Debug\libArduinoCore.a(Wire.o)
                0x0080029f                _ZN7TwoWire14txBufferLengthE
 .bss._ZN7TwoWire13txBufferIndexE
                0x008002a0        0x1 C:\Users\Daniel-M\Documents\Atmel Studio\7.0\FeederV200\FeederV200\ArduinoCore\Debug\libArduinoCore.a(Wire.o)
                0x008002a0                _ZN7TwoWire13txBufferIndexE
 .bss._ZN7TwoWire8txBufferE
                0x008002a1       0x20 C:\Users\Daniel-M\Documents\Atmel Studio\7.0\FeederV200\FeederV200\ArduinoCore\Debug\libArduinoCore.a(Wire.o)
                0x008002a1                _ZN7TwoWire8txBufferE
 .bss._ZN7TwoWire9txAddressE
                0x008002c1        0x1 C:\Users\Daniel-M\Documents\Atmel Studio\7.0\FeederV200\FeederV200\ArduinoCore\Debug\libArduinoCore.a(Wire.o)
                0x008002c1                _ZN7TwoWire9txAddressE
 .bss._ZN7TwoWire14rxBufferLengthE
                0x008002c2        0x1 C:\Users\Daniel-M\Documents\Atmel Studio\7.0\FeederV200\FeederV200\ArduinoCore\Debug\libArduinoCore.a(Wire.o)
                0x008002c2                _ZN7TwoWire14rxBufferLengthE
 .bss._ZN7TwoWire13rxBufferIndexE
                0x008002c3        0x1 C:\Users\Daniel-M\Documents\Atmel Studio\7.0\FeederV200\FeederV200\ArduinoCore\Debug\libArduinoCore.a(Wire.o)
                0x008002c3                _ZN7TwoWire13rxBufferIndexE
 .bss._ZN7TwoWire8rxBufferE
                0x008002c4       0x20 C:\Users\Daniel-M\Documents\Atmel Studio\7.0\FeederV200\FeederV200\ArduinoCore\Debug\libArduinoCore.a(Wire.o)
                0x008002c4                _ZN7TwoWire8rxBufferE
 .bss.twi_error
                0x008002e4        0x1 C:\Users\Daniel-M\Documents\Atmel Studio\7.0\FeederV200\FeederV200\ArduinoCore\Debug\libArduinoCore.a(twi.o)
 .bss.twi_rxBufferIndex
                0x008002e5        0x1 C:\Users\Daniel-M\Documents\Atmel Studio\7.0\FeederV200\FeederV200\ArduinoCore\Debug\libArduinoCore.a(twi.o)
 .bss.twi_rxBuffer
                0x008002e6       0x20 C:\Users\Daniel-M\Documents\Atmel Studio\7.0\FeederV200\FeederV200\ArduinoCore\Debug\libArduinoCore.a(twi.o)
 .bss.twi_txBufferLength
                0x00800306        0x1 C:\Users\Daniel-M\Documents\Atmel Studio\7.0\FeederV200\FeederV200\ArduinoCore\Debug\libArduinoCore.a(twi.o)
 .bss.twi_txBufferIndex
                0x00800307        0x1 C:\Users\Daniel-M\Documents\Atmel Studio\7.0\FeederV200\FeederV200\ArduinoCore\Debug\libArduinoCore.a(twi.o)
 .bss.twi_txBuffer
                0x00800308       0x20 C:\Users\Daniel-M\Documents\Atmel Studio\7.0\FeederV200\FeederV200\ArduinoCore\Debug\libArduinoCore.a(twi.o)
 .bss.twi_masterBufferLength
                0x00800328        0x1 C:\Users\Daniel-M\Documents\Atmel Studio\7.0\FeederV200\FeederV200\ArduinoCore\Debug\libArduinoCore.a(twi.o)
 .bss.twi_masterBufferIndex
                0x00800329        0x1 C:\Users\Daniel-M\Documents\Atmel Studio\7.0\FeederV200\FeederV200\ArduinoCore\Debug\libArduinoCore.a(twi.o)
 .bss.twi_masterBuffer
                0x0080032a       0x20 C:\Users\Daniel-M\Documents\Atmel Studio\7.0\FeederV200\FeederV200\ArduinoCore\Debug\libArduinoCore.a(twi.o)
 .bss.twi_onSlaveReceive
                0x0080034a        0x2 C:\Users\Daniel-M\Documents\Atmel Studio\7.0\FeederV200\FeederV200\ArduinoCore\Debug\libArduinoCore.a(twi.o)
 .bss.twi_onSlaveTransmit
                0x0080034c        0x2 C:\Users\Daniel-M\Documents\Atmel Studio\7.0\FeederV200\FeederV200\ArduinoCore\Debug\libArduinoCore.a(twi.o)
 .bss.twi_inRepStart
                0x0080034e        0x1 C:\Users\Daniel-M\Documents\Atmel Studio\7.0\FeederV200\FeederV200\ArduinoCore\Debug\libArduinoCore.a(twi.o)
 .bss.twi_sendStop
                0x0080034f        0x1 C:\Users\Daniel-M\Documents\Atmel Studio\7.0\FeederV200\FeederV200\ArduinoCore\Debug\libArduinoCore.a(twi.o)
 .bss.twi_slarw
                0x00800350        0x1 C:\Users\Daniel-M\Documents\Atmel Studio\7.0\FeederV200\FeederV200\ArduinoCore\Debug\libArduinoCore.a(twi.o)
 .bss.twi_state
                0x00800351        0x1 C:\Users\Daniel-M\Documents\Atmel Studio\7.0\FeederV200\FeederV200\ArduinoCore\Debug\libArduinoCore.a(twi.o)
 *(COMMON)
                0x00800352                PROVIDE (__bss_end, .)
                0x0000291e                __data_load_start = LOADADDR (.data)
                0x00002962                __data_load_end = (__data_load_start + SIZEOF (.data))

.noinit         0x00800352        0x0
                [!provide]                PROVIDE (__noinit_start, .)
 *(.noinit*)
                [!provide]                PROVIDE (__noinit_end, .)
                0x00800352                _end = .
                [!provide]                PROVIDE (__heap_start, .)

.eeprom         0x00810000        0x0
 *(.eeprom*)
                0x00810000                __eeprom_end = .

.fuse
 *(.fuse)
 *(.lfuse)
 *(.hfuse)
 *(.efuse)

.lock
 *(.lock*)

.signature
 *(.signature*)

.user_signatures
 *(.user_signatures*)

.stab
 *(.stab)

.stabstr
 *(.stabstr)

.stab.excl
 *(.stab.excl)

.stab.exclstr
 *(.stab.exclstr)

.stab.index
 *(.stab.index)

.stab.indexstr
 *(.stab.indexstr)

.comment        0x00000000       0x60
 *(.comment)
 .comment       0x00000000       0x30 Motor1.o
                                 0x31 (size before relaxing)
 .comment       0x00000030       0x31 Sketch.o
 .comment       0x00000030       0x31 src/Button1.o
 .comment       0x00000030       0x31 src/EncoderMotor1.o
 .comment       0x00000030       0x31 src/Led1.o
 .comment       0x00000030       0x31 src/SenzorCap1.o
 .comment       0x00000030       0x31 C:\Users\Daniel-M\Documents\Atmel Studio\7.0\FeederV200\FeederV200\ArduinoCore\Debug\libArduinoCore.a(HardwareSerial0.o)
 .comment       0x00000030       0x31 C:\Users\Daniel-M\Documents\Atmel Studio\7.0\FeederV200\FeederV200\ArduinoCore\Debug\libArduinoCore.a(main.o)
 .comment       0x00000030       0x31 C:\Users\Daniel-M\Documents\Atmel Studio\7.0\FeederV200\FeederV200\ArduinoCore\Debug\libArduinoCore.a(Print.o)
 .comment       0x00000030       0x31 C:\Users\Daniel-M\Documents\Atmel Studio\7.0\FeederV200\FeederV200\ArduinoCore\Debug\libArduinoCore.a(WInterrupts.o)
 .comment       0x00000030       0x31 C:\Users\Daniel-M\Documents\Atmel Studio\7.0\FeederV200\FeederV200\ArduinoCore\Debug\libArduinoCore.a(wiring.o)
 .comment       0x00000030       0x31 C:\Users\Daniel-M\Documents\Atmel Studio\7.0\FeederV200\FeederV200\ArduinoCore\Debug\libArduinoCore.a(wiring_analog.o)
 .comment       0x00000030       0x31 C:\Users\Daniel-M\Documents\Atmel Studio\7.0\FeederV200\FeederV200\ArduinoCore\Debug\libArduinoCore.a(wiring_digital.o)
 .comment       0x00000030       0x31 C:\Users\Daniel-M\Documents\Atmel Studio\7.0\FeederV200\FeederV200\ArduinoCore\Debug\libArduinoCore.a(Wire.o)
 .comment       0x00000030       0x31 C:\Users\Daniel-M\Documents\Atmel Studio\7.0\FeederV200\FeederV200\ArduinoCore\Debug\libArduinoCore.a(HardwareSerial.o)
 .comment       0x00000030       0x30 C:\Users\Daniel-M\Documents\Atmel Studio\7.0\FeederV200\FeederV200\ArduinoCore\Debug\libArduinoCore.a(hooks.o)
                                 0x31 (size before relaxing)
 .comment       0x00000060       0x31 C:\Users\Daniel-M\Documents\Atmel Studio\7.0\FeederV200\FeederV200\ArduinoCore\Debug\libArduinoCore.a(twi.o)

.note.gnu.avr.deviceinfo
                0x00000000       0x40
 .note.gnu.avr.deviceinfo
                0x00000000       0x40 C:/Program Files (x86)/Atmel/Studio/7.0/Packs/atmel/ATmega_DFP/1.2.150/gcc/dev/atmega328pb/avr5/crtatmega328pb.o

.note.gnu.build-id
 *(.note.gnu.build-id)

.debug
 *(.debug)

.line
 *(.line)

.debug_srcinfo
 *(.debug_srcinfo)

.debug_sfnames
 *(.debug_sfnames)

.debug_aranges  0x00000000      0x6d8
 *(.debug_aranges)
 .debug_aranges
                0x00000000       0x50 Motor1.o
 .debug_aranges
                0x00000050       0xd0 Sketch.o
 .debug_aranges
                0x00000120       0x40 src/Button1.o
 .debug_aranges
                0x00000160       0x40 src/EncoderMotor1.o
 .debug_aranges
                0x000001a0       0x50 src/Led1.o
 .debug_aranges
                0x000001f0       0x40 src/SenzorCap1.o
 .debug_aranges
                0x00000230       0x48 C:\Users\Daniel-M\Documents\Atmel Studio\7.0\FeederV200\FeederV200\ArduinoCore\Debug\libArduinoCore.a(HardwareSerial0.o)
 .debug_aranges
                0x00000278       0x30 C:\Users\Daniel-M\Documents\Atmel Studio\7.0\FeederV200\FeederV200\ArduinoCore\Debug\libArduinoCore.a(main.o)
 .debug_aranges
                0x000002a8      0x100 C:\Users\Daniel-M\Documents\Atmel Studio\7.0\FeederV200\FeederV200\ArduinoCore\Debug\libArduinoCore.a(Print.o)
 .debug_aranges
                0x000003a8       0x40 C:\Users\Daniel-M\Documents\Atmel Studio\7.0\FeederV200\FeederV200\ArduinoCore\Debug\libArduinoCore.a(WInterrupts.o)
 .debug_aranges
                0x000003e8       0x48 C:\Users\Daniel-M\Documents\Atmel Studio\7.0\FeederV200\FeederV200\ArduinoCore\Debug\libArduinoCore.a(wiring.o)
 .debug_aranges
                0x00000430       0x30 C:\Users\Daniel-M\Documents\Atmel Studio\7.0\FeederV200\FeederV200\ArduinoCore\Debug\libArduinoCore.a(wiring_analog.o)
 .debug_aranges
                0x00000460       0x38 C:\Users\Daniel-M\Documents\Atmel Studio\7.0\FeederV200\FeederV200\ArduinoCore\Debug\libArduinoCore.a(wiring_digital.o)
 .debug_aranges
                0x00000498       0xf8 C:\Users\Daniel-M\Documents\Atmel Studio\7.0\FeederV200\FeederV200\ArduinoCore\Debug\libArduinoCore.a(Wire.o)
 .debug_aranges
                0x00000590       0x68 C:\Users\Daniel-M\Documents\Atmel Studio\7.0\FeederV200\FeederV200\ArduinoCore\Debug\libArduinoCore.a(HardwareSerial.o)
 .debug_aranges
                0x000005f8       0x20 C:\Users\Daniel-M\Documents\Atmel Studio\7.0\FeederV200\FeederV200\ArduinoCore\Debug\libArduinoCore.a(hooks.o)
 .debug_aranges
                0x00000618       0x80 C:\Users\Daniel-M\Documents\Atmel Studio\7.0\FeederV200\FeederV200\ArduinoCore\Debug\libArduinoCore.a(twi.o)
 .debug_aranges
                0x00000698       0x20 C:/Program Files (x86)/Atmel/Studio/7.0/Packs/atmel/ATmega_DFP/1.2.150/gcc/dev/atmega328pb/avr5\libatmega328pb.a(eerd_byte.o)
 .debug_aranges
                0x000006b8       0x20 C:/Program Files (x86)/Atmel/Studio/7.0/Packs/atmel/ATmega_DFP/1.2.150/gcc/dev/atmega328pb/avr5\libatmega328pb.a(eewr_byte.o)

.debug_pubnames
 *(.debug_pubnames)

.debug_info     0x00000000     0xe94d
 *(.debug_info .gnu.linkonce.wi.*)
 .debug_info    0x00000000      0x8ea C:/Program Files (x86)/Atmel/Studio/7.0/Packs/atmel/ATmega_DFP/1.2.150/gcc/dev/atmega328pb/avr5/crtatmega328pb.o
 .debug_info    0x000008ea      0x594 Motor1.o
 .debug_info    0x00000e7e     0x2957 Sketch.o
 .debug_info    0x000037d5      0x3dd src/Button1.o
 .debug_info    0x00003bb2      0x3dd src/EncoderMotor1.o
 .debug_info    0x00003f8f      0x46a src/Led1.o
 .debug_info    0x000043f9      0x3dd src/SenzorCap1.o
 .debug_info    0x000047d6     0x1b16 C:\Users\Daniel-M\Documents\Atmel Studio\7.0\FeederV200\FeederV200\ArduinoCore\Debug\libArduinoCore.a(HardwareSerial0.o)
 .debug_info    0x000062ec      0x237 C:\Users\Daniel-M\Documents\Atmel Studio\7.0\FeederV200\FeederV200\ArduinoCore\Debug\libArduinoCore.a(main.o)
 .debug_info    0x00006523     0x28ff C:\Users\Daniel-M\Documents\Atmel Studio\7.0\FeederV200\FeederV200\ArduinoCore\Debug\libArduinoCore.a(Print.o)
 .debug_info    0x00008e22      0x21c C:\Users\Daniel-M\Documents\Atmel Studio\7.0\FeederV200\FeederV200\ArduinoCore\Debug\libArduinoCore.a(WInterrupts.o)
 .debug_info    0x0000903e      0x2cb C:\Users\Daniel-M\Documents\Atmel Studio\7.0\FeederV200\FeederV200\ArduinoCore\Debug\libArduinoCore.a(wiring.o)
 .debug_info    0x00009309      0x26d C:\Users\Daniel-M\Documents\Atmel Studio\7.0\FeederV200\FeederV200\ArduinoCore\Debug\libArduinoCore.a(wiring_analog.o)
 .debug_info    0x00009576      0x5fe C:\Users\Daniel-M\Documents\Atmel Studio\7.0\FeederV200\FeederV200\ArduinoCore\Debug\libArduinoCore.a(wiring_digital.o)
 .debug_info    0x00009b74     0x27b4 C:\Users\Daniel-M\Documents\Atmel Studio\7.0\FeederV200\FeederV200\ArduinoCore\Debug\libArduinoCore.a(Wire.o)
 .debug_info    0x0000c328     0x1e89 C:\Users\Daniel-M\Documents\Atmel Studio\7.0\FeederV200\FeederV200\ArduinoCore\Debug\libArduinoCore.a(HardwareSerial.o)
 .debug_info    0x0000e1b1       0x3e C:\Users\Daniel-M\Documents\Atmel Studio\7.0\FeederV200\FeederV200\ArduinoCore\Debug\libArduinoCore.a(hooks.o)
 .debug_info    0x0000e1ef      0x604 C:\Users\Daniel-M\Documents\Atmel Studio\7.0\FeederV200\FeederV200\ArduinoCore\Debug\libArduinoCore.a(twi.o)
 .debug_info    0x0000e7f3       0xad C:/Program Files (x86)/Atmel/Studio/7.0/Packs/atmel/ATmega_DFP/1.2.150/gcc/dev/atmega328pb/avr5\libatmega328pb.a(eerd_byte.o)
 .debug_info    0x0000e8a0       0xad C:/Program Files (x86)/Atmel/Studio/7.0/Packs/atmel/ATmega_DFP/1.2.150/gcc/dev/atmega328pb/avr5\libatmega328pb.a(eewr_byte.o)

.debug_abbrev   0x00000000     0x3148
 *(.debug_abbrev)
 .debug_abbrev  0x00000000      0x86e C:/Program Files (x86)/Atmel/Studio/7.0/Packs/atmel/ATmega_DFP/1.2.150/gcc/dev/atmega328pb/avr5/crtatmega328pb.o
 .debug_abbrev  0x0000086e      0x1e2 Motor1.o
 .debug_abbrev  0x00000a50      0x5cc Sketch.o
 .debug_abbrev  0x0000101c      0x18d src/Button1.o
 .debug_abbrev  0x000011a9      0x18d src/EncoderMotor1.o
 .debug_abbrev  0x00001336      0x1a3 src/Led1.o
 .debug_abbrev  0x000014d9      0x18d src/SenzorCap1.o
 .debug_abbrev  0x00001666      0x3ce C:\Users\Daniel-M\Documents\Atmel Studio\7.0\FeederV200\FeederV200\ArduinoCore\Debug\libArduinoCore.a(HardwareSerial0.o)
 .debug_abbrev  0x00001a34      0x12d C:\Users\Daniel-M\Documents\Atmel Studio\7.0\FeederV200\FeederV200\ArduinoCore\Debug\libArduinoCore.a(main.o)
 .debug_abbrev  0x00001b61      0x47a C:\Users\Daniel-M\Documents\Atmel Studio\7.0\FeederV200\FeederV200\ArduinoCore\Debug\libArduinoCore.a(Print.o)
 .debug_abbrev  0x00001fdb       0xfc C:\Users\Daniel-M\Documents\Atmel Studio\7.0\FeederV200\FeederV200\ArduinoCore\Debug\libArduinoCore.a(WInterrupts.o)
 .debug_abbrev  0x000020d7      0x146 C:\Users\Daniel-M\Documents\Atmel Studio\7.0\FeederV200\FeederV200\ArduinoCore\Debug\libArduinoCore.a(wiring.o)
 .debug_abbrev  0x0000221d      0x16b C:\Users\Daniel-M\Documents\Atmel Studio\7.0\FeederV200\FeederV200\ArduinoCore\Debug\libArduinoCore.a(wiring_analog.o)
 .debug_abbrev  0x00002388      0x15b C:\Users\Daniel-M\Documents\Atmel Studio\7.0\FeederV200\FeederV200\ArduinoCore\Debug\libArduinoCore.a(wiring_digital.o)
 .debug_abbrev  0x000024e3      0x581 C:\Users\Daniel-M\Documents\Atmel Studio\7.0\FeederV200\FeederV200\ArduinoCore\Debug\libArduinoCore.a(Wire.o)
 .debug_abbrev  0x00002a64      0x432 C:\Users\Daniel-M\Documents\Atmel Studio\7.0\FeederV200\FeederV200\ArduinoCore\Debug\libArduinoCore.a(HardwareSerial.o)
 .debug_abbrev  0x00002e96       0x2a C:\Users\Daniel-M\Documents\Atmel Studio\7.0\FeederV200\FeederV200\ArduinoCore\Debug\libArduinoCore.a(hooks.o)
 .debug_abbrev  0x00002ec0      0x260 C:\Users\Daniel-M\Documents\Atmel Studio\7.0\FeederV200\FeederV200\ArduinoCore\Debug\libArduinoCore.a(twi.o)
 .debug_abbrev  0x00003120       0x14 C:/Program Files (x86)/Atmel/Studio/7.0/Packs/atmel/ATmega_DFP/1.2.150/gcc/dev/atmega328pb/avr5\libatmega328pb.a(eerd_byte.o)
 .debug_abbrev  0x00003134       0x14 C:/Program Files (x86)/Atmel/Studio/7.0/Packs/atmel/ATmega_DFP/1.2.150/gcc/dev/atmega328pb/avr5\libatmega328pb.a(eewr_byte.o)

.debug_line     0x00000000     0x3b81
 *(.debug_line .debug_line.* .debug_line_end)
 .debug_line    0x00000000      0x1a5 C:/Program Files (x86)/Atmel/Studio/7.0/Packs/atmel/ATmega_DFP/1.2.150/gcc/dev/atmega328pb/avr5/crtatmega328pb.o
 .debug_line    0x000001a5      0x1d7 Motor1.o
 .debug_line    0x0000037c      0xe0d Sketch.o
 .debug_line    0x00001189      0x191 src/Button1.o
 .debug_line    0x0000131a      0x1a9 src/EncoderMotor1.o
 .debug_line    0x000014c3      0x1b7 src/Led1.o
 .debug_line    0x0000167a      0x197 src/SenzorCap1.o
 .debug_line    0x00001811      0x28c C:\Users\Daniel-M\Documents\Atmel Studio\7.0\FeederV200\FeederV200\ArduinoCore\Debug\libArduinoCore.a(HardwareSerial0.o)
 .debug_line    0x00001a9d      0x165 C:\Users\Daniel-M\Documents\Atmel Studio\7.0\FeederV200\FeederV200\ArduinoCore\Debug\libArduinoCore.a(main.o)
 .debug_line    0x00001c02      0x685 C:\Users\Daniel-M\Documents\Atmel Studio\7.0\FeederV200\FeederV200\ArduinoCore\Debug\libArduinoCore.a(Print.o)
 .debug_line    0x00002287      0x1a0 C:\Users\Daniel-M\Documents\Atmel Studio\7.0\FeederV200\FeederV200\ArduinoCore\Debug\libArduinoCore.a(WInterrupts.o)
 .debug_line    0x00002427      0x299 C:\Users\Daniel-M\Documents\Atmel Studio\7.0\FeederV200\FeederV200\ArduinoCore\Debug\libArduinoCore.a(wiring.o)
 .debug_line    0x000026c0      0x20f C:\Users\Daniel-M\Documents\Atmel Studio\7.0\FeederV200\FeederV200\ArduinoCore\Debug\libArduinoCore.a(wiring_analog.o)
 .debug_line    0x000028cf      0x252 C:\Users\Daniel-M\Documents\Atmel Studio\7.0\FeederV200\FeederV200\ArduinoCore\Debug\libArduinoCore.a(wiring_digital.o)
 .debug_line    0x00002b21      0x5ec C:\Users\Daniel-M\Documents\Atmel Studio\7.0\FeederV200\FeederV200\ArduinoCore\Debug\libArduinoCore.a(Wire.o)
 .debug_line    0x0000310d      0x426 C:\Users\Daniel-M\Documents\Atmel Studio\7.0\FeederV200\FeederV200\ArduinoCore\Debug\libArduinoCore.a(HardwareSerial.o)
 .debug_line    0x00003533       0x41 C:\Users\Daniel-M\Documents\Atmel Studio\7.0\FeederV200\FeederV200\ArduinoCore\Debug\libArduinoCore.a(hooks.o)
 .debug_line    0x00003574      0x4f5 C:\Users\Daniel-M\Documents\Atmel Studio\7.0\FeederV200\FeederV200\ArduinoCore\Debug\libArduinoCore.a(twi.o)
 .debug_line    0x00003a69       0x7a C:/Program Files (x86)/Atmel/Studio/7.0/Packs/atmel/ATmega_DFP/1.2.150/gcc/dev/atmega328pb/avr5\libatmega328pb.a(eerd_byte.o)
 .debug_line    0x00003ae3       0x9e C:/Program Files (x86)/Atmel/Studio/7.0/Packs/atmel/ATmega_DFP/1.2.150/gcc/dev/atmega328pb/avr5\libatmega328pb.a(eewr_byte.o)

.debug_frame    0x00000000     0x1208
 *(.debug_frame)
 .debug_frame   0x00000000       0x90 Motor1.o
 .debug_frame   0x00000090      0x374 Sketch.o
 .debug_frame   0x00000404       0x64 src/Button1.o
 .debug_frame   0x00000468       0x64 src/EncoderMotor1.o
 .debug_frame   0x000004cc       0x84 src/Led1.o
 .debug_frame   0x00000550       0x64 src/SenzorCap1.o
 .debug_frame   0x000005b4       0xe0 C:\Users\Daniel-M\Documents\Atmel Studio\7.0\FeederV200\FeederV200\ArduinoCore\Debug\libArduinoCore.a(HardwareSerial0.o)
 .debug_frame   0x00000694       0x54 C:\Users\Daniel-M\Documents\Atmel Studio\7.0\FeederV200\FeederV200\ArduinoCore\Debug\libArduinoCore.a(main.o)
 .debug_frame   0x000006e8      0x3ac C:\Users\Daniel-M\Documents\Atmel Studio\7.0\FeederV200\FeederV200\ArduinoCore\Debug\libArduinoCore.a(Print.o)
 .debug_frame   0x00000a94       0xf4 C:\Users\Daniel-M\Documents\Atmel Studio\7.0\FeederV200\FeederV200\ArduinoCore\Debug\libArduinoCore.a(WInterrupts.o)
 .debug_frame   0x00000b88       0xc4 C:\Users\Daniel-M\Documents\Atmel Studio\7.0\FeederV200\FeederV200\ArduinoCore\Debug\libArduinoCore.a(wiring.o)
 .debug_frame   0x00000c4c       0x54 C:\Users\Daniel-M\Documents\Atmel Studio\7.0\FeederV200\FeederV200\ArduinoCore\Debug\libArduinoCore.a(wiring_analog.o)
 .debug_frame   0x00000ca0       0x7c C:\Users\Daniel-M\Documents\Atmel Studio\7.0\FeederV200\FeederV200\ArduinoCore\Debug\libArduinoCore.a(wiring_digital.o)
 .debug_frame   0x00000d1c      0x284 C:\Users\Daniel-M\Documents\Atmel Studio\7.0\FeederV200\FeederV200\ArduinoCore\Debug\libArduinoCore.a(Wire.o)
 .debug_frame   0x00000fa0      0x110 C:\Users\Daniel-M\Documents\Atmel Studio\7.0\FeederV200\FeederV200\ArduinoCore\Debug\libArduinoCore.a(HardwareSerial.o)
 .debug_frame   0x000010b0       0x24 C:\Users\Daniel-M\Documents\Atmel Studio\7.0\FeederV200\FeederV200\ArduinoCore\Debug\libArduinoCore.a(hooks.o)
 .debug_frame   0x000010d4      0x134 C:\Users\Daniel-M\Documents\Atmel Studio\7.0\FeederV200\FeederV200\ArduinoCore\Debug\libArduinoCore.a(twi.o)

.debug_str      0x00000000     0x34ea
 *(.debug_str)
 .debug_str     0x00000000      0x318 C:/Program Files (x86)/Atmel/Studio/7.0/Packs/atmel/ATmega_DFP/1.2.150/gcc/dev/atmega328pb/avr5/crtatmega328pb.o
 .debug_str     0x00000318      0x345 Motor1.o
                                0x3be (size before relaxing)
 .debug_str     0x0000065d      0xca4 Sketch.o
                               0x1085 (size before relaxing)
 .debug_str     0x00001301       0x43 src/Button1.o
                                0x356 (size before relaxing)
 .debug_str     0x00001344       0x5e src/EncoderMotor1.o
                                0x3b2 (size before relaxing)
 .debug_str     0x000013a2       0x37 src/Led1.o
                                0x34c (size before relaxing)
 .debug_str     0x000013d9       0x52 src/SenzorCap1.o
                                0x387 (size before relaxing)
 .debug_str     0x0000142b     0x10b6 C:\Users\Daniel-M\Documents\Atmel Studio\7.0\FeederV200\FeederV200\ArduinoCore\Debug\libArduinoCore.a(HardwareSerial0.o)
                               0x1408 (size before relaxing)
 .debug_str     0x000024e1       0x5a C:\Users\Daniel-M\Documents\Atmel Studio\7.0\FeederV200\FeederV200\ArduinoCore\Debug\libArduinoCore.a(main.o)
                                0x2b4 (size before relaxing)
 .debug_str     0x0000253b      0x3a1 C:\Users\Daniel-M\Documents\Atmel Studio\7.0\FeederV200\FeederV200\ArduinoCore\Debug\libArduinoCore.a(Print.o)
                               0x1242 (size before relaxing)
 .debug_str     0x000028dc      0x14b C:\Users\Daniel-M\Documents\Atmel Studio\7.0\FeederV200\FeederV200\ArduinoCore\Debug\libArduinoCore.a(WInterrupts.o)
                                0x237 (size before relaxing)
 .debug_str     0x00002a27       0x6d C:\Users\Daniel-M\Documents\Atmel Studio\7.0\FeederV200\FeederV200\ArduinoCore\Debug\libArduinoCore.a(wiring.o)
                                0x24a (size before relaxing)
 .debug_str     0x00002a94       0x73 C:\Users\Daniel-M\Documents\Atmel Studio\7.0\FeederV200\FeederV200\ArduinoCore\Debug\libArduinoCore.a(wiring_analog.o)
                                0x24e (size before relaxing)
 .debug_str     0x00002b07       0xa9 C:\Users\Daniel-M\Documents\Atmel Studio\7.0\FeederV200\FeederV200\ArduinoCore\Debug\libArduinoCore.a(wiring_digital.o)
                                0x2af (size before relaxing)
 .debug_str     0x00002bb0      0x4d4 C:\Users\Daniel-M\Documents\Atmel Studio\7.0\FeederV200\FeederV200\ArduinoCore\Debug\libArduinoCore.a(Wire.o)
                               0x18c1 (size before relaxing)
 .debug_str     0x00003084      0x2a4 C:\Users\Daniel-M\Documents\Atmel Studio\7.0\FeederV200\FeederV200\ArduinoCore\Debug\libArduinoCore.a(HardwareSerial.o)
                               0x15ec (size before relaxing)
 .debug_str     0x00003328       0x71 C:\Users\Daniel-M\Documents\Atmel Studio\7.0\FeederV200\FeederV200\ArduinoCore\Debug\libArduinoCore.a(hooks.o)
                                0x13f (size before relaxing)
 .debug_str     0x00003399      0x151 C:\Users\Daniel-M\Documents\Atmel Studio\7.0\FeederV200\FeederV200\ArduinoCore\Debug\libArduinoCore.a(twi.o)
                                0x3ca (size before relaxing)

.debug_loc      0x00000000     0x4cf1
 *(.debug_loc)
 .debug_loc     0x00000000      0x13f Motor1.o
 .debug_loc     0x0000013f      0xbaa Sketch.o
 .debug_loc     0x00000ce9       0x50 src/Button1.o
 .debug_loc     0x00000d39       0x70 src/EncoderMotor1.o
 .debug_loc     0x00000da9       0xa0 src/Led1.o
 .debug_loc     0x00000e49       0x50 src/SenzorCap1.o
 .debug_loc     0x00000e99      0x1b0 C:\Users\Daniel-M\Documents\Atmel Studio\7.0\FeederV200\FeederV200\ArduinoCore\Debug\libArduinoCore.a(HardwareSerial0.o)
 .debug_loc     0x00001049     0x1c87 C:\Users\Daniel-M\Documents\Atmel Studio\7.0\FeederV200\FeederV200\ArduinoCore\Debug\libArduinoCore.a(Print.o)
 .debug_loc     0x00002cd0      0x235 C:\Users\Daniel-M\Documents\Atmel Studio\7.0\FeederV200\FeederV200\ArduinoCore\Debug\libArduinoCore.a(WInterrupts.o)
 .debug_loc     0x00002f05      0x28d C:\Users\Daniel-M\Documents\Atmel Studio\7.0\FeederV200\FeederV200\ArduinoCore\Debug\libArduinoCore.a(wiring.o)
 .debug_loc     0x00003192       0xfe C:\Users\Daniel-M\Documents\Atmel Studio\7.0\FeederV200\FeederV200\ArduinoCore\Debug\libArduinoCore.a(wiring_analog.o)
 .debug_loc     0x00003290      0x5fc C:\Users\Daniel-M\Documents\Atmel Studio\7.0\FeederV200\FeederV200\ArduinoCore\Debug\libArduinoCore.a(wiring_digital.o)
 .debug_loc     0x0000388c      0xbfd C:\Users\Daniel-M\Documents\Atmel Studio\7.0\FeederV200\FeederV200\ArduinoCore\Debug\libArduinoCore.a(Wire.o)
 .debug_loc     0x00004489      0x482 C:\Users\Daniel-M\Documents\Atmel Studio\7.0\FeederV200\FeederV200\ArduinoCore\Debug\libArduinoCore.a(HardwareSerial.o)
 .debug_loc     0x0000490b      0x3e6 C:\Users\Daniel-M\Documents\Atmel Studio\7.0\FeederV200\FeederV200\ArduinoCore\Debug\libArduinoCore.a(twi.o)

.debug_macinfo
 *(.debug_macinfo)

.debug_weaknames
 *(.debug_weaknames)

.debug_funcnames
 *(.debug_funcnames)

.debug_typenames
 *(.debug_typenames)

.debug_varnames
 *(.debug_varnames)

.debug_pubtypes
 *(.debug_pubtypes)

.debug_ranges   0x00000000      0x600
 *(.debug_ranges)
 .debug_ranges  0x00000000       0x40 Motor1.o
 .debug_ranges  0x00000040      0x108 Sketch.o
 .debug_ranges  0x00000148       0x30 src/Button1.o
 .debug_ranges  0x00000178       0x30 src/EncoderMotor1.o
 .debug_ranges  0x000001a8       0x40 src/Led1.o
 .debug_ranges  0x000001e8       0x30 src/SenzorCap1.o
 .debug_ranges  0x00000218       0x38 C:\Users\Daniel-M\Documents\Atmel Studio\7.0\FeederV200\FeederV200\ArduinoCore\Debug\libArduinoCore.a(HardwareSerial0.o)
 .debug_ranges  0x00000250       0x20 C:\Users\Daniel-M\Documents\Atmel Studio\7.0\FeederV200\FeederV200\ArduinoCore\Debug\libArduinoCore.a(main.o)
 .debug_ranges  0x00000270      0x120 C:\Users\Daniel-M\Documents\Atmel Studio\7.0\FeederV200\FeederV200\ArduinoCore\Debug\libArduinoCore.a(Print.o)
 .debug_ranges  0x00000390       0x30 C:\Users\Daniel-M\Documents\Atmel Studio\7.0\FeederV200\FeederV200\ArduinoCore\Debug\libArduinoCore.a(WInterrupts.o)
 .debug_ranges  0x000003c0       0x38 C:\Users\Daniel-M\Documents\Atmel Studio\7.0\FeederV200\FeederV200\ArduinoCore\Debug\libArduinoCore.a(wiring.o)
 .debug_ranges  0x000003f8       0x20 C:\Users\Daniel-M\Documents\Atmel Studio\7.0\FeederV200\FeederV200\ArduinoCore\Debug\libArduinoCore.a(wiring_analog.o)
 .debug_ranges  0x00000418       0x28 C:\Users\Daniel-M\Documents\Atmel Studio\7.0\FeederV200\FeederV200\ArduinoCore\Debug\libArduinoCore.a(wiring_digital.o)
 .debug_ranges  0x00000440       0xe8 C:\Users\Daniel-M\Documents\Atmel Studio\7.0\FeederV200\FeederV200\ArduinoCore\Debug\libArduinoCore.a(Wire.o)
 .debug_ranges  0x00000528       0x58 C:\Users\Daniel-M\Documents\Atmel Studio\7.0\FeederV200\FeederV200\ArduinoCore\Debug\libArduinoCore.a(HardwareSerial.o)
 .debug_ranges  0x00000580       0x10 C:\Users\Daniel-M\Documents\Atmel Studio\7.0\FeederV200\FeederV200\ArduinoCore\Debug\libArduinoCore.a(hooks.o)
 .debug_ranges  0x00000590       0x70 C:\Users\Daniel-M\Documents\Atmel Studio\7.0\FeederV200\FeederV200\ArduinoCore\Debug\libArduinoCore.a(twi.o)

.debug_macro
 *(.debug_macro)
OUTPUT(Feeder_2mmV2.elf elf32-avr)
LOAD linker stubs
